clientReferenceInformation:
    code: referenceNumber
    reconciliationId: null
    pausedRequestId: null
    transactionId: null
    comments: null
    partner: null
    applicationName: null
    applicationVersion: null
    applicationUser: null
processingInformation:
    actionList: null
    enableEscrowOption: null
    actionTokenTypes: null
    binSource: null
    capture: true
    processorId: null
    businessApplicationId: null
    commerceIndicator: internet
    commerceIndicatorLabel: null
    paymentSolution: null
    reconciliationId: null
    linkId: null
    purchaseLevel: null
    paymentId: null
    reportGroup: null
    visaCheckoutId: null
    industryDataType: null
    authorizationOptions: null
    captureOptions: null
    recurringOptions: null
    bankTransferOptions: null
    purchaseOptions: null
    electronicBenefitsTransfer: null
    loanOptions: null
    walletType: null
    nationalNetDomesticData: null
    japanPaymentOptions: null
    mobileRemotePaymentType: null
    extendedCreditTotalCount: null
    networkRoutingOrder: null
    payByPointsIndicator: null
    isReturnAuthRecordEnabled: null
issuerInformation: null
paymentInformation:
    card: null
    tokenizedCard: null
    fluidData: null
    customer: { customerId: creditCardToken, id: null }
    paymentInstrument: null
    instrumentIdentifier: null
    shippingAddress: null
    legacyToken: null
    bank: null
    paymentType: null
    initiationChannel: null
    eWallet: null
orderInformation:
    amountDetails: { totalAmount: totalAmount, subTotalAmount: null, currency: currency, discountAmount: null, dutyAmount: null, gratuityAmount: null, taxAmount: null, nationalTaxIncluded: null, taxAppliedAfterDiscount: null, taxAppliedLevel: null, taxTypeCode: null, freightAmount: null, foreignAmount: null, foreignCurrency: null, exchangeRate: null, exchangeRateTimeStamp: null, surcharge: null, settlementAmount: null, settlementCurrency: null, amexAdditionalAmounts: null, taxDetails: null, serviceFeeAmount: null, originalAmount: null, originalCurrency: null, cashbackAmount: null, currencyConversion: null }
    billTo: { firstName: firstName, lastName: lastName, middleName: null, nameSuffix: null, title: null, company: companyName, address1: address1, address2: null, address3: null, address4: null, locality: city, administrativeArea: state, postalCode: zip, county: null, country: country, district: null, buildingNumber: null, email: null, emailDomain: null, phoneNumber: null, phoneType: null, verificationStatus: null, alternatePhoneNumber: null, alternateEmail: null }
    shipTo: null
    lineItems: null
    invoiceDetails: null
    shippingDetails: null
    returnsAccepted: null
    isCryptocurrencyPurchase: null
    preOrder: null
    preOrderDate: null
    reordered: null
    totalOffersCount: null
buyerInformation: null
recipientInformation: null
deviceInformation: null
merchantInformation: null
aggregatorInformation: null
consumerAuthenticationInformation: null
pointOfSaleInformation: null
merchantDefinedInformation: null
installmentInformation: null
travelInformation: null
healthCareInformation: null
promotionInformation: null
tokenInformation: null
invoiceDetails: null
processorInformation: null
riskInformation: null
acquirerInformation: null
recurringPaymentInformation: null
watchlistScreeningInformation: null
