clientReferenceInformation:
    code: referenceNumber
    reconciliationId: null
    returnReconciliationId: null
    pausedRequestId: null
    transactionId: null
    comments: null
    partner: null
    applicationName: null
    applicationVersion: null
    applicationUser: null
processingInformation: null
paymentInformation:
    card: { number: null, expirationMonth: '13', expirationYear: null, type: null, accountEncoderId: null, issueNumber: null, startMonth: null, startYear: null, sourceAccountType: null, sourceAccountTypeDetails: null, securityCode: null, useAs: null }
    bank: null
    tokenizedCard: null
    fluidData: null
    customer: null
    paymentInstrument: null
    instrumentIdentifier: null
    shippingAddress: null
    legacyToken: null
    paymentType: null
    eWallet: null
orderInformation:
    amountDetails: { totalAmount: totalAmount, currency: currency, discountAmount: null, dutyAmount: null, gratuityAmount: null, taxAmount: null, nationalTaxIncluded: null, taxAppliedAfterDiscount: null, taxAppliedLevel: null, taxTypeCode: null, freightAmount: null, foreignAmount: null, foreignCurrency: null, exchangeRate: null, exchangeRateTimeStamp: null, amexAdditionalAmounts: null, taxDetails: null, serviceFeeAmount: null, originalCurrency: null, cashbackAmount: null }
    billTo: null
    shipTo: null
    lineItems: null
    invoiceDetails: null
    shippingDetails: null
buyerInformation: null
deviceInformation: null
merchantInformation: null
aggregatorInformation: null
pointOfSaleInformation: null
merchantDefinedInformation: null
travelInformation: null
promotionInformation: null
