captureContext: eyJraWQiOiJ6dSIsImFsZyI6IlJTMjU2In0.eyJmbHgiOnsicGF0aCI6Ii9mbGV4L3YyL3Rva2VucyIsImRhdGEiOiJnOVVnaDNpelpGMUFaTTFvRGhmR0RCQUFFUGR1WFB2L3lZODlNTUxOMG9BMlpoM0JjekR4SVVvcERHVmtKM1Q1RGd0L1lZVVFCNUk0bjJ4NkNVNmtTSUVTMFEwaXk4Vm5DUS96QWRMbEx2empDbFAyWUhSY293WThuSGJlcmordHBHR2ciLCJvcmlnaW4iOiJodHRwczovL3Rlc3RmbGV4LmN5YmVyc291cmNlLmNvbSIsImp3ayI6eyJrdHkiOiJSU0EiLCJlIjoiQVFBQiIsInVzZSI6ImVuYyIsIm4iOiJsS0poeUsxOE5BS2p0RXdVUXJZUnVVNGVrX3VDcUotLVVGcFRRWTc2VjNaYTVZcGt6UjBNUEZhWTF6OERodmREbDI4MUtlNXZyS1Ezb3pFWDF3eXdZaDM5LVFicldfaHhoSTlNdlRLSmU5MmxWLWhOQlJzYVExSUgtc0J5M2Y4Z0JCN1NYSDNnVndxWC0tTUlESi1PYmJiY0RtQ1hucHpubUVnY2tfbWpLQVM4V3ZadWJCamYwdVNzN2czbDhTalJoX1hodFFWcDAyUWhUUlYzajVQU2ltb1pOUzJxUlo0c2V4aDBoN3ZnSzlQdGRaaXhsaXBlX3FMV0tDcFZuQUNFcEFqb01UVTJtT05UeXpOajMyeFRRV2xJcWxoZVQ1LW9qTV9MYmhIZE9wSHphcFNfZEE5ZTV2NGZoMlp0Ul9Cc1RPNWhjSkxxMDJFdVR1WEprTUFocnciLCJraWQiOiIwN3FMZmk0cHgzUWtjZURmMExxdHZBZzVJT1hjeUs4WCJ9fSwiY3R4IjpbeyJkYXRhIjp7ImNsaWVudExpYnJhcnlJbnRlZ3JpdHkiOiJzaGEyNTYtNGtxcmNKTExuRGJLTStOYW9uYXhVZzhSV3A4Tm10bmpRbzdQSmNXckx6Z1x1MDAzZCIsImNsaWVudExpYnJhcnkiOiJodHRwczovL3Rlc3RmbGV4LmN5YmVyc291cmNlLmNvbS9taWNyb2Zvcm0vYnVuZGxlL3YyLjYuMC9mbGV4LW1pY3JvZm9ybS5taW4uanMiLCJhbGxvd2VkQ2FyZE5ldHdvcmtzIjpbIlZJU0EiLCJNQVNURVJDQVJEIiwiQU1FWCIsIkNBUk5FVCIsIkNBUlRFU0JBTkNBSVJFUyIsIkNVUCIsIkRJTkVSU0NMVUIiLCJESVNDT1ZFUiIsIkVGVFBPUyIsIkVMTyIsIkpDQiIsIkpDUkVXIiwiTUFEQSIsIk1BRVNUUk8iLCJNRUVaQSJdLCJ0YXJnZXRPcmlnaW5zIjpbImh0dHBzOi8vd3d3LnRlc3QuY29tIl0sIm1mT3JpZ2luIjoiaHR0cHM6Ly90ZXN0ZmxleC5jeWJlcnNvdXJjZS5jb20iLCJhbGxvd2VkUGF5bWVudFR5cGVzIjpbIkNBUkQiXX0sInR5cGUiOiJtZi0yLjEuMCJ9XSwiaXNzIjoiRmxleCBBUEkiLCJleHAiOjE3NTAyNjg5NzIsImlhdCI6MTc1MDI2ODA3MiwianRpIjoiejk2amhWWnkwMms5SFRJWSJ9.UXf8zOjXY4qg1Pe0eL03pVEN01tYsOrEWrG8GZEdFp6qPt5erh_0a3OuXwzmNJ90VQvo7M0VZBJxid5KGc_yrcCHrkG33_kb5ZXkJjev2X80WBk_RGj8ymnXN00dF9_iU87jonJtXm8Vo7H9fU8gGL6kOAnql81OSsFFG73Iqgu0n6jpQG8u5145MYodriOvTZndC0UdQJIXCA554OdCioFvkgwFENqNb6pKtVunfg-401EUv9_BIEi0OdA2IjG41uz2Xw6u59CBWZsDPkUEotAPG34Nj5mmjCcTW2AXtNR3UZAwXF4NoB6sZXr0GD3g50qCfqKOwJ4Rr5OpfhyREw
header:
    kid: zu
    alg: RS256
kid: zu
alg: RS256
payload:
    flx: { path: /flex/v2/tokens, data: g9Ugh3izZF1AZM1oDhfGDBAAEPduXPv/yY89MMLN0oA2Zh3BczDxIUopDGVkJ3T5Dgt/YYUQB5I4n2x6CU6kSIES0Q0iy8VnCQ/zAdLlLvzjClP2YHRcowY8nHberj+tpGGg, origin: 'https://testflex.cybersource.com', jwk: { kty: RSA, e: AQAB, use: enc, 'n': lKJhyK18NAKjtEwUQrYRuU4ek_uCqJ--UFpTQY76V3Za5YpkzR0MPFaY1z8DhvdDl281Ke5vrKQ3ozEX1wywYh39-QbrW_hxhI9MvTKJe92lV-hNBRsaQ1IH-sBy3f8gBB7SXH3gVwqX--MIDJ-ObbbcDmCXnpznmEgck_mjKAS8WvZubBjf0uSs7g3l8SjRh_XhtQVp02QhTRV3j5PSimoZNS2qRZ4sexh0h7vgK9PtdZixlipe_qLWKCpVnACEpAjoMTU2mONTyzNj32xTQWlIqlheT5-ojM_LbhHdOpHzapS_dA9e5v4fh2ZtR_BsTO5hcJLq02EuTuXJkMAhrw, kid: 07qLfi4px3QkceDf0LqtvAg5IOXcyK8X } }
    ctx: [{ data: { clientLibraryIntegrity: sha256-4kqrcJLLnDbKM+NaonaxUg8RWp8NmtnjQo7PJcWrLzg=, clientLibrary: 'https://testflex.cybersource.com/microform/bundle/v2.6.0/flex-microform.min.js', allowedCardNetworks: [VISA, MASTERCARD, AMEX, CARNET, CARTESBANCAIRES, CUP, DINERSCLUB, DISCOVER, EFTPOS, ELO, JCB, JCREW, MADA, MAESTRO, MEEZA], targetOrigins: ['https://www.test.com'], mfOrigin: 'https://testflex.cybersource.com', allowedPaymentTypes: [CARD] }, type: mf-2.1.0 }]
    iss: 'Flex API'
    exp: 1750268972
    iat: 1750268072
    jti: z96jhVZy02k9HTIY
clientLibrary: 'https://testflex.cybersource.com/microform/bundle/v2.6.0/flex-microform.min.js'
clientLibraryIntegrity: sha256-4kqrcJLLnDbKM+NaonaxUg8RWp8NmtnjQo7PJcWrLzg=
