clientReferenceInformation:
    code: referenceNumber
processingInformation:
    capture: true
    commerceIndicator: internet
paymentInformation:
    card: { expirationMonth: '13' }
    customer: { customerId: creditCardToken }
orderInformation:
    amountDetails: { totalAmount: totalAmount, currency: currency }
    billTo: { firstName: firstName, lastName: lastName, company: companyName, address1: address1, locality: city, administrativeArea: state, postalCode: zip, country: country }
