clientReferenceInformation:
    code: referenceNumber
orderInformation:
    amountDetails: { totalAmount: totalAmount, currency: currency }
paymentInformation:
    card: { expirationMonth: '13' }
