clientReferenceInformation:
    code: referenceNumber
orderInformation:
    amountDetails: { totalAmount: totalAmount, currency: currency }
